1740284904
Downloading https://www.cs.toronto.edu/~kriz/cifar-10-python.tar.gz to ./data/cifar-10-python.tar.gz
Extracting ./data/cifar-10-python.tar.gz to ./data
TIMESTEP=0/80 GENERATION=0/3
BEST=12.797619047619047
TIMESTEP=0/80 GENERATION=1/3
BEST=19.047619047619047
TIMESTEP=0/80 GENERATION=2/3
BEST=12.797619047619047
TIMESTEP=1/80 GENERATION=0/3
BEST=11.011904761904763
TIMESTEP=1/80 GENERATION=1/3
BEST=8.928571428571429
TIMESTEP=1/80 GENERATION=2/3
BEST=8.928571428571429
TIMESTEP=2/80 GENERATION=0/3
BEST=13.095238095238095
TIMESTEP=2/80 GENERATION=1/3
BEST=10.119047619047619
TIMESTEP=2/80 GENERATION=2/3
BEST=10.416666666666666
TIMESTEP=3/80 GENERATION=0/3
BEST=12.202380952380953
TIMESTEP=3/80 GENERATION=1/3
BEST=9.821428571428571
TIMESTEP=3/80 GENERATION=2/3
BEST=11.011904761904763
TIMESTEP=4/80 GENERATION=0/3
BEST=12.5
TIMESTEP=4/80 GENERATION=1/3
BEST=13.095238095238095
TIMESTEP=4/80 GENERATION=2/3
BEST=10.714285714285714
TIMESTEP=5/80 GENERATION=0/3
BEST=13.69047619047619
TIMESTEP=5/80 GENERATION=1/3
BEST=12.797619047619047
TIMESTEP=5/80 GENERATION=2/3
BEST=9.821428571428571
TIMESTEP=6/80 GENERATION=0/3
